// Jest Snapshot v1, https://goo.gl/fbAQLP

exports[`Spinner should render spinner 1`] = `
<DocumentFragment>
  <div
    class="container"
  >
    <div
      class="spinner"
    />
  </div>
</DocumentFragment>
`;
