// Jest Snapshot v1, https://goo.gl/fbAQLP

exports[`Page renders the head 1`] = `
<DocumentFragment>
  <title>
    Create Next App
  </title>
  <meta
    content="width=device-width, initial-scale=1"
    name="viewport"
  />
  <meta
    content="Generated by create next app"
    name="description"
  />
  <link
    href="/favicon.ico"
    rel="icon"
  />
</DocumentFragment>
`;
